Archive member included to satisfy reference by file (symbol)

/media/luca/LukStorage/LukStorage/Electronica/Codigos/repoTD2-TPS_v1/workspace/lpc_chip_175x_6x/Debug/liblpc_chip_175x_6x.a(chip_17xx_40xx.o)
                              ./src/ProyetoTD1_v1.o (SystemCoreClock)
/media/luca/LukStorage/LukStorage/Electronica/Codigos/repoTD2-TPS_v1/workspace/lpc_chip_175x_6x/Debug/liblpc_chip_175x_6x.a(clock_17xx_40xx.o)
                              /media/luca/LukStorage/LukStorage/Electronica/Codigos/repoTD2-TPS_v1/workspace/lpc_chip_175x_6x/Debug/liblpc_chip_175x_6x.a(chip_17xx_40xx.o) (Chip_Clock_EnablePLL)
/media/luca/LukStorage/LukStorage/Electronica/Codigos/repoTD2-TPS_v1/workspace/lpc_chip_175x_6x/Debug/liblpc_chip_175x_6x.a(i2c_17xx_40xx.o)
                              ./src/ProyetoTD1_v1.o (Chip_I2C_EventHandlerPolling)
/media/luca/LukStorage/LukStorage/Electronica/Codigos/repoTD2-TPS_v1/workspace/lpc_chip_175x_6x/Debug/liblpc_chip_175x_6x.a(iocon_17xx_40xx.o)
                              ./src/ILI9341/lcd_mi0283qt9.o (Chip_IOCON_PinMuxSet)
/media/luca/LukStorage/LukStorage/Electronica/Codigos/repoTD2-TPS_v1/workspace/lpc_chip_175x_6x/Debug/liblpc_chip_175x_6x.a(ssp_17xx_40xx.o)
                              ./src/ILI9341/lcd_mi0283qt9.o (Chip_SSP_RWFrames_Blocking)
/media/luca/LukStorage/LukStorage/Electronica/Codigos/repoTD2-TPS_v1/workspace/lpc_chip_175x_6x/Debug/liblpc_chip_175x_6x.a(sysinit_17xx_40xx.o)
                              ./src/sysinit.o (Chip_SystemInit)
/usr/local/mcuxpressoide-11.4.1_6260/ide/plugins/com.nxp.mcuxpresso.tools.linux_11.4.0.202103011116/tools/bin/../lib/gcc/arm-none-eabi/10.2.1/../../../../arm-none-eabi/lib/thumb/v7-m/nofp/libcr_c.a(memset.o)
                              ./src/mlx90621/mlx90621_driver.o (memset)
/usr/local/mcuxpressoide-11.4.1_6260/ide/plugins/com.nxp.mcuxpresso.tools.linux_11.4.0.202103011116/tools/bin/../lib/gcc/arm-none-eabi/10.2.1/../../../../arm-none-eabi/lib/thumb/v7-m/nofp/libcr_c.a(__weak__main.o)
                              ./src/cr_startup_lpc175x_6x.o (__main)
/usr/local/mcuxpressoide-11.4.1_6260/ide/plugins/com.nxp.mcuxpresso.tools.linux_11.4.0.202103011116/tools/bin/../lib/gcc/arm-none-eabi/10.2.1/../../../../arm-none-eabi/lib/thumb/v7-m/nofp/libcr_c.a(pow.o)
                              ./src/mlx90621/mlx90621_driver.o (pow)
/usr/local/mcuxpressoide-11.4.1_6260/ide/plugins/com.nxp.mcuxpresso.tools.linux_11.4.0.202103011116/tools/bin/../lib/gcc/arm-none-eabi/10.2.1/../../../../arm-none-eabi/lib/thumb/v7-m/nofp/libcr_c.a(sqrt.o)
                              ./src/mlx90621/mlx90621_driver.o (sqrt)
/usr/local/mcuxpressoide-11.4.1_6260/ide/plugins/com.nxp.mcuxpresso.tools.linux_11.4.0.202103011116/tools/bin/../lib/gcc/arm-none-eabi/10.2.1/../../../../arm-none-eabi/lib/thumb/v7-m/nofp/libcr_c.a(strlen.o)
                              ./src/ILI9341/lcd.o (strlen)
/usr/local/mcuxpressoide-11.4.1_6260/ide/plugins/com.nxp.mcuxpresso.tools.linux_11.4.0.202103011116/tools/bin/../lib/gcc/arm-none-eabi/10.2.1/../../../../arm-none-eabi/lib/thumb/v7-m/nofp/libcr_c.a(errno.o)
                              /usr/local/mcuxpressoide-11.4.1_6260/ide/plugins/com.nxp.mcuxpresso.tools.linux_11.4.0.202103011116/tools/bin/../lib/gcc/arm-none-eabi/10.2.1/../../../../arm-none-eabi/lib/thumb/v7-m/nofp/libcr_c.a(pow.o) (errno)
/usr/local/mcuxpressoide-11.4.1_6260/ide/plugins/com.nxp.mcuxpresso.tools.linux_11.4.0.202103011116/tools/bin/../lib/gcc/arm-none-eabi/10.2.1/../../../../arm-none-eabi/lib/thumb/v7-m/nofp/libcr_c.a(frexp.o)
                              /usr/local/mcuxpressoide-11.4.1_6260/ide/plugins/com.nxp.mcuxpresso.tools.linux_11.4.0.202103011116/tools/bin/../lib/gcc/arm-none-eabi/10.2.1/../../../../arm-none-eabi/lib/thumb/v7-m/nofp/libcr_c.a(pow.o) (frexp)
/usr/local/mcuxpressoide-11.4.1_6260/ide/plugins/com.nxp.mcuxpresso.tools.linux_11.4.0.202103011116/tools/bin/../lib/gcc/arm-none-eabi/10.2.1/../../../../arm-none-eabi/lib/thumb/v7-m/nofp/libcr_c.a(ldexp.o)
                              /usr/local/mcuxpressoide-11.4.1_6260/ide/plugins/com.nxp.mcuxpresso.tools.linux_11.4.0.202103011116/tools/bin/../lib/gcc/arm-none-eabi/10.2.1/../../../../arm-none-eabi/lib/thumb/v7-m/nofp/libcr_c.a(pow.o) (ldexp)
/usr/local/mcuxpressoide-11.4.1_6260/ide/plugins/com.nxp.mcuxpresso.tools.linux_11.4.0.202103011116/tools/bin/../lib/gcc/arm-none-eabi/10.2.1/thumb/v7-m/nofp/libcr_eabihelpers.a(double.o)
                              ./src/mlx90621/mlx90621_driver.o (__aeabi_dmul)
/usr/local/mcuxpressoide-11.4.1_6260/ide/plugins/com.nxp.mcuxpresso.tools.linux_11.4.0.202103011116/tools/bin/../lib/gcc/arm-none-eabi/10.2.1/thumb/v7-m/nofp/libcr_eabihelpers.a(float.o)
                              ./src/mlx90621/mlx90621_driver.o (__aeabi_fmul)
/usr/local/mcuxpressoide-11.4.1_6260/ide/plugins/com.nxp.mcuxpresso.tools.linux_11.4.0.202103011116/tools/bin/../lib/gcc/arm-none-eabi/10.2.1/thumb/v7-m/nofp/libcr_eabihelpers.a(memcpy.o)
[...]
Memory Configuration

Name             Origin             Length             Attributes
MFlash512        0x0000000000000000 0x0000000000080000 xr
RamLoc32         0x0000000010000000 0x0000000000008000 xrw
RamAHB32         0x000000002007c000 0x0000000000008000 xrw
*default*        0x0000000000000000 0xffffffffffffffff

Linker script and memory map

LOAD ./src/mlx90621/mlx90621_driver.o
LOAD ./src/ILI9341/lcd.o
LOAD ./src/ILI9341/lcd_font8x8.o
LOAD ./src/ILI9341/lcd_mi0283qt9.o
LOAD ./src/ProyetoTD1_v1.o
LOAD ./src/cr_startup_lpc175x_6x.o
LOAD ./src/crp.o
LOAD ./src/sysinit.o
LOAD /media/luca/LukStorage/LukStorage/Electronica/Codigos/repoTD2-TPS_v1/workspace/lpc_chip_175x_6x/Debug/liblpc_chip_175x_6x.a
START GROUP
LOAD /usr/local/mcuxpressoide-11.4.1_6260/ide/plugins/com.nxp.mcuxpresso.tools.linux_11.4.0.202103011116/tools/bin/../lib/gcc/arm-none-eabi/10.2.1/../../../../arm-none-eabi/lib/thumb/v7-m/nofp/libcr_c.a
LOAD /usr/local/mcuxpressoide-11.4.1_6260/ide/plugins/com.nxp.mcuxpresso.tools.linux_11.4.0.202103011116/tools/bin/../lib/gcc/arm-none-eabi/10.2.1/thumb/v7-m/nofp/libcr_eabihelpers.a
LOAD /usr/local/mcuxpressoide-11.4.1_6260/ide/plugins/com.nxp.mcuxpresso.tools.linux_11.4.0.202103011116/tools/bin/../lib/gcc/arm-none-eabi/10.2.1/thumb/v7-m/nofp/libgcc.a
END GROUP
                0x0000000000000000                __base_MFlash512 = 0x0
                0x0000000000000000                __base_Flash = 0x0
                0x0000000000080000                __top_MFlash512 = 0x80000
                0x0000000000080000                __top_Flash = 0x80000
                0x0000000010000000                __base_RamLoc32 = 0x10000000
                0x0000000010000000                __base_RAM = 0x10000000
                0x0000000010008000                __top_RamLoc32 = 0x10008000
                0x0000000010008000                __top_RAM = 0x10008000
                0x000000002007c000                __base_RamAHB32 = 0x2007c000
                0x000000002007c000                __base_RAM2 = 0x2007c000
                0x0000000020084000                __top_RamAHB32 = 0x20084000
                0x0000000020084000                __top_RAM2 = 0x20084000

.text           0x0000000000000000    0x1501c
 FILL mask 0xff
                0x0000000000000000                __vectors_start__ = ABSOLUTE (.)
 *(.isr_vector)
 .isr_vector    0x0000000000000000       0xcc ./src/cr_startup_lpc175x_6x.o
                0x0000000000000000                g_pfnVectors
                0x00000000000000cc                . = ALIGN (0x4)
                0x00000000000000cc                __section_table_start = .
                0x00000000000000cc                __data_section_table = .
                0x00000000000000cc        0x4 LONG 0x1501c LOADADDR (.data)
                0x00000000000000d0        0x4 LONG 0x10000000 ADDR (.data)
                0x00000000000000d4        0x4 LONG 0x5c SIZEOF (.data)
                0x00000000000000d8        0x4 LONG 0x1501c LOADADDR (.data_RAM2)
                0x00000000000000dc        0x4 LONG 0x2007c000 ADDR (.data_RAM2)
                0x00000000000000e0        0x4 LONG 0x0 SIZEOF (.data_RAM2)
                0x00000000000000e4                __data_section_table_end = .
                0x00000000000000e4                __bss_section_table = .
                0x00000000000000e4        0x4 LONG 0x1000005c ADDR (.bss)
                0x00000000000000e8        0x4 LONG 0x24 SIZEOF (.bss)
                0x00000000000000ec        0x4 LONG 0x2007c000 ADDR (.bss_RAM2)
                0x00000000000000f0        0x4 LONG 0x0 SIZEOF (.bss_RAM2)
                0x00000000000000f4                __bss_section_table_end = .
                0x00000000000000f4                __section_table_end = .
 *(.after_vectors*)
 .after_vectors
                0x00000000000000f4      0x130 ./src/cr_startup_lpc175x_6x.o
                0x00000000000000f4                data_init
                0x0000000000000138                bss_init
                0x0000000000000170                ResetISR
                0x00000000000001e8                NMI_Handler
                0x00000000000001ee                HardFault_Handler
                0x00000000000001f4                MemManage_Handler
                0x00000000000001fa                BusFault_Handler
                0x0000000000000200                UsageFault_Handler
                0x0000000000000206                SVC_Handler
                0x000000000000020c                DebugMon_Handler
                0x0000000000000212                PendSV_Handler
                0x000000000000021e                TIMER2_IRQHandler
                0x000000000000021e                RIT_IRQHandler
                0x000000000000021e                I2C0_IRQHandler
                0x000000000000021e                USBActivity_IRQHandler
                0x000000000000021e                PWM1_IRQHandler
                0x000000000000021e                I2C1_IRQHandler
                0x000000000000021e                EINT2_IRQHandler
                0x000000000000021e                UART1_IRQHandler
                0x000000000000021e                EINT3_IRQHandler
                0x000000000000021e                CANActivity_IRQHandler
                0x000000000000021e                TIMER3_IRQHandler
                0x000000000000021e                UART0_IRQHandler
                0x000000000000021e                IntDefaultHandler
                0x000000000000021e                PLL0_IRQHandler
                0x000000000000021e                CAN_IRQHandler
                0x000000000000021e                PLL1_IRQHandler
                0x000000000000021e                SSP0_IRQHandler
                0x000000000000021e                I2S_IRQHandler
                0x000000000000021e                I2C2_IRQHandler
                0x000000000000021e                RTC_IRQHandler
                0x000000000000021e                TIMER0_IRQHandler
                0x000000000000021e                SPI_IRQHandler
                0x000000000000021e                EINT1_IRQHandler
                0x000000000000021e                TIMER1_IRQHandler
                0x000000000000021e                UART2_IRQHandler
                0x000000000000021e                ADC_IRQHandler
                0x000000000000021e                SSP1_IRQHandler
                0x000000000000021e                USB_IRQHandler
                0x000000000000021e                BOD_IRQHandler
                0x000000000000021e                WDT_IRQHandler
                0x000000000000021e                QEI_IRQHandler
                0x000000000000021e                EINT0_IRQHandler
                0x000000000000021e                ETH_IRQHandler
                0x000000000000021e                DMA_IRQHandler
                0x000000000000021e                UART3_IRQHandler
                0x000000000000021e                MCPWM_IRQHandler
 *(.text*)
 .text.lcd_drawtext
                0x0000000000000224       0xe0 ./src/ILI9341/lcd.o
                0x0000000000000224                lcd_drawtext
 .text.lcd_drawchar
                0x0000000000000304      0x240 ./src/ILI9341/lcd.o
                0x0000000000000304                lcd_drawchar
 .text.lcd_fillScreen
                0x0000000000000544       0xcc ./src/ILI9341/lcd.o
                0x0000000000000544                lcd_fillScreen
 .text.lcd_setorientation
                0x0000000000000610       0xd8 ./src/ILI9341/lcd.o
                0x0000000000000610                lcd_setorientation
 .text.lcd_init
                0x00000000000006e8       0x30 ./src/ILI9341/lcd.o
                0x00000000000006e8                lcd_init
 .text.Chip_GPIO_SetPinState
                0x0000000000000718       0x64 ./src/ILI9341/lcd_mi0283qt9.o
 .text.Chip_GPIO_WritePortBit
                0x000000000000077c       0x2c ./src/ILI9341/lcd_mi0283qt9.o
 .text.Chip_GPIO_SetPinDIROutput
                0x00000000000007a8       0x36 ./src/ILI9341/lcd_mi0283qt9.o
 .text.Chip_GPIO_SetPinOutHigh
                0x00000000000007de       0x2e ./src/ILI9341/lcd_mi0283qt9.o
 .text.Chip_GPIO_SetPinOutLow
                0x000000000000080c       0x2e ./src/ILI9341/lcd_mi0283qt9.o
 .text.Chip_SSP_Enable
                0x000000000000083a       0x1e ./src/ILI9341/lcd_mi0283qt9.o
 .text.INIT_PINS
                0x0000000000000858       0xb0 ./src/ILI9341/lcd_mi0283qt9.o
                0x0000000000000858                INIT_PINS
 .text.lcd_draw
                0x0000000000000908       0x18 ./src/ILI9341/lcd_mi0283qt9.o
                0x0000000000000908                lcd_draw
 .text.lcd_drawstart
                0x0000000000000920        0xe ./src/ILI9341/lcd_mi0283qt9.o
                0x0000000000000920                lcd_drawstart
 .text.lcd_setarea
                0x000000000000092e       0x52 ./src/ILI9341/lcd_mi0283qt9.o
                0x000000000000092e                lcd_setarea
 .text.lcd_setbias
                0x0000000000000980       0x96 ./src/ILI9341/lcd_mi0283qt9.o
                0x0000000000000980                lcd_setbias
 .text.lcd_power
                0x0000000000000a16       0x52 ./src/ILI9341/lcd_mi0283qt9.o
                0x0000000000000a16                lcd_power
 .text.lcd_reset
                0x0000000000000a68      0x240 ./src/ILI9341/lcd_mi0283qt9.o
                0x0000000000000a68                lcd_reset
 .text.SendDatoSPI
                0x0000000000000ca8       0x40 ./src/ILI9341/lcd_mi0283qt9.o
                0x0000000000000ca8                SendDatoSPI
 .text.SendDatoSPI2
                0x0000000000000ce8       0x40 ./src/ILI9341/lcd_mi0283qt9.o
                0x0000000000000ce8                SendDatoSPI2
 .text.lcd_wrdata16
                0x0000000000000d28       0x38 ./src/ILI9341/lcd_mi0283qt9.o
                0x0000000000000d28                lcd_wrdata16
 .text.lcd_wrdata8
                0x0000000000000d60       0x28 ./src/ILI9341/lcd_mi0283qt9.o
                0x0000000000000d60                lcd_wrdata8
 .text.lcd_wrcmd8
                0x0000000000000d88       0x28 ./src/ILI9341/lcd_mi0283qt9.o
                0x0000000000000d88                lcd_wrcmd8
 .text.lcd_disable
                0x0000000000000db0       0x18 ./src/ILI9341/lcd_mi0283qt9.o
                0x0000000000000db0                lcd_disable
 .text.lcd_enable
                0x0000000000000dc8       0x18 ./src/ILI9341/lcd_mi0283qt9.o
                0x0000000000000dc8                lcd_enable
 .text.NVIC_SetPriority
                0x0000000000000de0       0x54 ./src/ProyetoTD1_v1.o
 .text.SysTick_Config
                0x0000000000000e34       0x44 ./src/ProyetoTD1_v1.o
 .text.Chip_IOCON_Init
                0x0000000000000e78       0x16 ./src/ProyetoTD1_v1.o
 .text.Chip_IOCON_EnableOD
                0x0000000000000e8e       0x38 ./src/ProyetoTD1_v1.o
 .text.Chip_GPIO_GetPinState
                0x0000000000000ec6       0x38 ./src/ProyetoTD1_v1.o
 .text.Chip_GPIO_ReadPortBit
                0x0000000000000efe       0x26 ./src/ProyetoTD1_v1.o
 .text.Chip_GPIO_SetPinDIROutput
                0x0000000000000f24       0x36 ./src/ProyetoTD1_v1.o
 .text.Chip_GPIO_SetPinDIRInput
                0x0000000000000f5a       0x3a ./src/ProyetoTD1_v1.o
 .text.GPIO_SWITCH_Update
                0x0000000000000f94       0x6c ./src/ProyetoTD1_v1.o
                0x0000000000000f94                GPIO_SWITCH_Update
 .text.SysTick_Handler
                0x0000000000001000      0x160 ./src/ProyetoTD1_v1.o
                0x0000000000001000                SysTick_Handler
 .text.get_ms   0x0000000000001160       0x14 ./src/ProyetoTD1_v1.o
                0x0000000000001160                get_ms
 .text.delay_ms
                0x0000000000001174       0x28 ./src/ProyetoTD1_v1.o
                0x0000000000001174                delay_ms
 .text.main     0x000000000000119c       0x18 ./src/ProyetoTD1_v1.o
                0x000000000000119c                main
 .text.initializePins
                0x00000000000011b4       0x98 ./src/ProyetoTD1_v1.o
                0x00000000000011b4                initializePins
 .text.initializeDisplay
                0x000000000000124c       0x20 ./src/ProyetoTD1_v1.o
                0x000000000000124c                initializeDisplay
 .text.InitHardware
                0x000000000000126c       0x50 ./src/ProyetoTD1_v1.o
                0x000000000000126c                InitHardware
 .text.SystemInit
                0x00000000000012bc       0x24 ./src/sysinit.o
                0x00000000000012bc                SystemInit
 .text.SystemCoreClockUpdate
                0x00000000000012e0       0x18 /media/luca/LukStorage/LukStorage/Electronica/Codigos/repoTD2-TPS_v1/workspace/lpc_chip_175x_6x/Debug/liblpc_chip_175x_6x.a(chip_17xx_40xx.o)
                0x00000000000012e0                SystemCoreClockUpdate
 .text.Chip_Clock_IsMainPLLEnabled
                0x00000000000012f8       0x24 /media/luca/LukStorage/LukStorage/Electronica/Codigos/repoTD2-TPS_v1/workspace/lpc_chip_175x_6x/Debug/liblpc_chip_175x_6x.a(clock_17xx_40xx.o)
 .text.Chip_Clock_IsMainPLLConnected
                0x000000000000131c       0x24 /media/luca/LukStorage/LukStorage/Electronica/Codigos/repoTD2-TPS_v1/workspace/lpc_chip_175x_6x/Debug/liblpc_chip_175x_6x.a(clock_17xx_40xx.o)
 .text.Chip_Clock_FeedPLL
                0x0000000000001340       0x34 /media/luca/LukStorage/LukStorage/Electronica/Codigos/repoTD2-TPS_v1/workspace/lpc_chip_175x_6x/Debug/liblpc_chip_175x_6x.a(clock_17xx_40xx.o)
 .text.Chip_Clock_GetMainPLLSource
                0x0000000000001374       0x20 /media/luca/LukStorage/LukStorage/Electronica/Codigos/repoTD2-TPS_v1/workspace/lpc_chip_175x_6x/Debug/liblpc_chip_175x_6x.a(clock_17xx_40xx.o)
 .text.Chip_Clock_GetMainOscRate
                0x0000000000001394       0x14 /media/luca/LukStorage/LukStorage/Electronica/Codigos/repoTD2-TPS_v1/workspace/lpc_chip_175x_6x/Debug/liblpc_chip_175x_6x.a(clock_17xx_40xx.o)
 .text.Chip_Clock_GetIntOscRate
                0x00000000000013a8       0x14 /media/luca/LukStorage/LukStorage/Electronica/Codigos/repoTD2-TPS_v1/workspace/lpc_chip_175x_6x/Debug/liblpc_chip_175x_6x.a(clock_17xx_40xx.o)
 .text.Chip_Clock_GetRTCOscRate
                0x00000000000013bc       0x14 /media/luca/LukStorage/LukStorage/Electronica/Codigos/repoTD2-TPS_v1/workspace/lpc_chip_175x_6x/Debug/liblpc_chip_175x_6x.a(clock_17xx_40xx.o)
 .text.Chip_Clock_GetMainPLLInClockRate
                0x00000000000013d0        0xe /media/luca/LukStorage/LukStorage/Electronica/Codigos/repoTD2-TPS_v1/workspace/lpc_chip_175x_6x/Debug/liblpc_chip_175x_6x.a(clock_17xx_40xx.o)
 *fill*         0x00000000000013de        0x2 ff
 .text.Chip_Clock_EnablePLL
                0x00000000000013e0       0x44 /media/luca/LukStorage/LukStorage/Electronica/Codigos/repoTD2-TPS_v1/workspace/lpc_chip_175x_6x/Debug/liblpc_chip_175x_6x.a(clock_17xx_40xx.o)
                0x00000000000013e0                Chip_Clock_EnablePLL
 .text.Chip_Clock_DisablePLL
                0x0000000000001424       0x48 /media/luca/LukStorage/LukStorage/Electronica/Codigos/repoTD2-TPS_v1/workspace/lpc_chip_175x_6x/Debug/liblpc_chip_175x_6x.a(clock_17xx_40xx.o)
                0x0000000000001424                Chip_Clock_DisablePLL
 .text.Chip_Clock_SetupPLL
                0x000000000000146c       0x5c /media/luca/LukStorage/LukStorage/Electronica/Codigos/repoTD2-TPS_v1/workspace/lpc_chip_175x_6x/Debug/liblpc_chip_175x_6x.a(clock_17xx_40xx.o)
                0x000000000000146c                Chip_Clock_SetupPLL
 .text.Chip_Clock_EnablePeriphClock
                0x00000000000014c8       0x34 /media/luca/LukStorage/LukStorage/Electronica/Codigos/repoTD2-TPS_v1/workspace/lpc_chip_175x_6x/Debug/liblpc_chip_175x_6x.a(clock_17xx_40xx.o)
                0x00000000000014c8                Chip_Clock_EnablePeriphClock
 .text.Chip_Clock_GetCPUClockSource
                0x00000000000014fc       0x24 /media/luca/LukStorage/LukStorage/Electronica/Codigos/repoTD2-TPS_v1/workspace/lpc_chip_175x_6x/Debug/liblpc_chip_175x_6x.a(clock_17xx_40xx.o)
                0x00000000000014fc                Chip_Clock_GetCPUClockSource
 .text.Chip_Clock_SetCPUClockDiv
                0x0000000000001520       0x20 /media/luca/LukStorage/LukStorage/Electronica/Codigos/repoTD2-TPS_v1/workspace/lpc_chip_175x_6x/Debug/liblpc_chip_175x_6x.a(clock_17xx_40xx.o)
                0x0000000000001520                Chip_Clock_SetCPUClockDiv
 .text.Chip_Clock_GetCPUClockDiv
                0x0000000000001540       0x1c /media/luca/LukStorage/LukStorage/Electronica/Codigos/repoTD2-TPS_v1/workspace/lpc_chip_175x_6x/Debug/liblpc_chip_175x_6x.a(clock_17xx_40xx.o)
                0x0000000000001540                Chip_Clock_GetCPUClockDiv
 .text.Chip_Clock_GetPCLKDiv
                0x000000000000155c       0x8c /media/luca/LukStorage/LukStorage/Electronica/Codigos/repoTD2-TPS_v1/workspace/lpc_chip_175x_6x/Debug/liblpc_chip_175x_6x.a(clock_17xx_40xx.o)
                0x000000000000155c                Chip_Clock_GetPCLKDiv
 .text.Chip_Clock_GetSYSCLKRate
                0x00000000000015e8       0x3a /media/luca/LukStorage/LukStorage/Electronica/Codigos/repoTD2-TPS_v1/workspace/lpc_chip_175x_6x/Debug/liblpc_chip_175x_6x.a(clock_17xx_40xx.o)
                0x00000000000015e8                Chip_Clock_GetSYSCLKRate
 *fill*         0x0000000000001622        0x2 ff
 .text.Chip_Clock_GetMainPLLOutClockRate
                0x0000000000001624       0x54 /media/luca/LukStorage/LukStorage/Electronica/Codigos/repoTD2-TPS_v1/workspace/lpc_chip_175x_6x/Debug/liblpc_chip_175x_6x.a(clock_17xx_40xx.o)
                0x0000000000001624                Chip_Clock_GetMainPLLOutClockRate
 .text.Chip_Clock_GetMainClockRate
                0x0000000000001678       0x28 /media/luca/LukStorage/LukStorage/Electronica/Codigos/repoTD2-TPS_v1/workspace/lpc_chip_175x_6x/Debug/liblpc_chip_175x_6x.a(clock_17xx_40xx.o)
                0x0000000000001678                Chip_Clock_GetMainClockRate
 .text.Chip_Clock_GetSystemClockRate
                0x00000000000016a0       0x18 /media/luca/LukStorage/LukStorage/Electronica/Codigos/repoTD2-TPS_v1/workspace/lpc_chip_175x_6x/Debug/liblpc_chip_175x_6x.a(clock_17xx_40xx.o)
                0x00000000000016a0                Chip_Clock_GetSystemClockRate
 .text.Chip_Clock_GetPeripheralClockRate
                0x00000000000016b8       0x26 /media/luca/LukStorage/LukStorage/Electronica/Codigos/repoTD2-TPS_v1/workspace/lpc_chip_175x_6x/Debug/liblpc_chip_175x_6x.a(clock_17xx_40xx.o)
                0x00000000000016b8                Chip_Clock_GetPeripheralClockRate
 *fill*         0x00000000000016de        0x2 ff
 .text.enableClk
                0x00000000000016e0       0x30 /media/luca/LukStorage/LukStorage/Electronica/Codigos/repoTD2-TPS_v1/workspace/lpc_chip_175x_6x/Debug/liblpc_chip_175x_6x.a(i2c_17xx_40xx.o)
 .text.getClkRate
                0x0000000000001710       0x24 /media/luca/LukStorage/LukStorage/Electronica/Codigos/repoTD2-TPS_v1/workspace/lpc_chip_175x_6x/Debug/liblpc_chip_175x_6x.a(i2c_17xx_40xx.o)
 .text.getCurState
                0x0000000000001734       0x1a /media/luca/LukStorage/LukStorage/Electronica/Codigos/repoTD2-TPS_v1/workspace/lpc_chip_175x_6x/Debug/liblpc_chip_175x_6x.a(i2c_17xx_40xx.o)
 *fill*         0x000000000000174e        0x2 ff
 .text.handleMasterXferState
                0x0000000000001750      0x284 /media/luca/LukStorage/LukStorage/Electronica/Codigos/repoTD2-TPS_v1/workspace/lpc_chip_175x_6x/Debug/liblpc_chip_175x_6x.a(i2c_17xx_40xx.o)
                0x0000000000001750                handleMasterXferState
 .text.Chip_I2C_EventHandler
                0x00000000000019d4       0x4c /media/luca/LukStorage/LukStorage/Electronica/Codigos/repoTD2-TPS_v1/workspace/lpc_chip_175x_6x/Debug/liblpc_chip_175x_6x.a(i2c_17xx_40xx.o)
                0x00000000000019d4                Chip_I2C_EventHandler
 .text.Chip_I2C_EventHandlerPolling
                0x0000000000001a20       0x60 /media/luca/LukStorage/LukStorage/Electronica/Codigos/repoTD2-TPS_v1/workspace/lpc_chip_175x_6x/Debug/liblpc_chip_175x_6x.a(i2c_17xx_40xx.o)
                0x0000000000001a20                Chip_I2C_EventHandlerPolling
 .text.Chip_I2C_Init
                0x0000000000001a80       0x34 /media/luca/LukStorage/LukStorage/Electronica/Codigos/repoTD2-TPS_v1/workspace/lpc_chip_175x_6x/Debug/liblpc_chip_175x_6x.a(i2c_17xx_40xx.o)
                0x0000000000001a80                Chip_I2C_Init
 .text.Chip_I2C_SetClockRate
                0x0000000000001ab4       0x68 /media/luca/LukStorage/LukStorage/Electronica/Codigos/repoTD2-TPS_v1/workspace/lpc_chip_175x_6x/Debug/liblpc_chip_175x_6x.a(i2c_17xx_40xx.o)
                0x0000000000001ab4                Chip_I2C_SetClockRate
 .text.Chip_I2C_SetMasterEventHandler
                0x0000000000001b1c       0x48 /media/luca/LukStorage/LukStorage/Electronica/Codigos/repoTD2-TPS_v1/workspace/lpc_chip_175x_6x/Debug/liblpc_chip_175x_6x.a(i2c_17xx_40xx.o)
                0x0000000000001b1c                Chip_I2C_SetMasterEventHandler
 .text.Chip_I2C_MasterStateHandler
                0x0000000000001b64       0x60 /media/luca/LukStorage/LukStorage/Electronica/Codigos/repoTD2-TPS_v1/workspace/lpc_chip_175x_6x/Debug/liblpc_chip_175x_6x.a(i2c_17xx_40xx.o)
                0x0000000000001b64                Chip_I2C_MasterStateHandler
 .text.Chip_I2C_IsStateChanged
                0x0000000000001bc4       0x38 /media/luca/LukStorage/LukStorage/Electronica/Codigos/repoTD2-TPS_v1/workspace/lpc_chip_175x_6x/Debug/liblpc_chip_175x_6x.a(i2c_17xx_40xx.o)
                0x0000000000001bc4                Chip_I2C_IsStateChanged
 .text.Chip_IOCON_PinMuxSet
                0x0000000000001bfc       0x36 /media/luca/LukStorage/LukStorage/Electronica/Codigos/repoTD2-TPS_v1/workspace/lpc_chip_175x_6x/Debug/liblpc_chip_175x_6x.a(iocon_17xx_40xx.o)
                0x0000000000001bfc                Chip_IOCON_PinMuxSet
 .text.Chip_IOCON_PinMux
                0x0000000000001c32       0x94 /media/luca/LukStorage/LukStorage/Electronica/Codigos/repoTD2-TPS_v1/workspace/lpc_chip_175x_6x/Debug/liblpc_chip_175x_6x.a(iocon_17xx_40xx.o)
                0x0000000000001c32                Chip_IOCON_PinMux
 .text.Chip_SSP_GetStatus
                0x0000000000001cc6       0x28 /media/luca/LukStorage/LukStorage/Electronica/Codigos/repoTD2-TPS_v1/workspace/lpc_chip_175x_6x/Debug/liblpc_chip_175x_6x.a(ssp_17xx_40xx.o)
 .text.Chip_SSP_GetRawIntStatus
                0x0000000000001cee       0x28 /media/luca/LukStorage/LukStorage/Electronica/Codigos/repoTD2-TPS_v1/workspace/lpc_chip_175x_6x/Debug/liblpc_chip_175x_6x.a(ssp_17xx_40xx.o)
 .text.Chip_SSP_GetDataSize
                0x0000000000001d16       0x1e /media/luca/LukStorage/LukStorage/Electronica/Codigos/repoTD2-TPS_v1/workspace/lpc_chip_175x_6x/Debug/liblpc_chip_175x_6x.a(ssp_17xx_40xx.o)
 .text.Chip_SSP_ClearIntPending
                0x0000000000001d34       0x1c /media/luca/LukStorage/LukStorage/Electronica/Codigos/repoTD2-TPS_v1/workspace/lpc_chip_175x_6x/Debug/liblpc_chip_175x_6x.a(ssp_17xx_40xx.o)
 .text.Chip_SSP_ReceiveFrame
                0x0000000000001d50       0x18 /media/luca/LukStorage/LukStorage/Electronica/Codigos/repoTD2-TPS_v1/workspace/lpc_chip_175x_6x/Debug/liblpc_chip_175x_6x.a(ssp_17xx_40xx.o)
 .text.Chip_SSP_SendFrame
                0x0000000000001d68       0x1c /media/luca/LukStorage/LukStorage/Electronica/Codigos/repoTD2-TPS_v1/workspace/lpc_chip_175x_6x/Debug/liblpc_chip_175x_6x.a(ssp_17xx_40xx.o)
 .text.Chip_SSP_SetFormat
                0x0000000000001d84       0x30 /media/luca/LukStorage/LukStorage/Electronica/Codigos/repoTD2-TPS_v1/workspace/lpc_chip_175x_6x/Debug/liblpc_chip_175x_6x.a(ssp_17xx_40xx.o)
 .text.Chip_SSP_Set_Mode
                0x0000000000001db4       0x24 /media/luca/LukStorage/LukStorage/Electronica/Codigos/repoTD2-TPS_v1/workspace/lpc_chip_175x_6x/Debug/liblpc_chip_175x_6x.a(ssp_17xx_40xx.o)
 .text.SSP_Write2BFifo
                0x0000000000001dd8       0x46 /media/luca/LukStorage/LukStorage/Electronica/Codigos/repoTD2-TPS_v1/workspace/lpc_chip_175x_6x/Debug/liblpc_chip_175x_6x.a(ssp_17xx_40xx.o)
 .text.SSP_Write1BFifo
                0x0000000000001e1e       0x46 /media/luca/LukStorage/LukStorage/Electronica/Codigos/repoTD2-TPS_v1/workspace/lpc_chip_175x_6x/Debug/liblpc_chip_175x_6x.a(ssp_17xx_40xx.o)
 .text.SSP_Read2BFifo
                0x0000000000001e64       0x5c /media/luca/LukStorage/LukStorage/Electronica/Codigos/repoTD2-TPS_v1/workspace/lpc_chip_175x_6x/Debug/liblpc_chip_175x_6x.a(ssp_17xx_40xx.o)
 .text.SSP_Read1BFifo
                0x0000000000001ec0       0x5c /media/luca/LukStorage/LukStorage/Electronica/Codigos/repoTD2-TPS_v1/workspace/lpc_chip_175x_6x/Debug/liblpc_chip_175x_6x.a(ssp_17xx_40xx.o)
 .text.Chip_SSP_GetClockIndex
                0x0000000000001f1c       0x2c /media/luca/LukStorage/LukStorage/Electronica/Codigos/repoTD2-TPS_v1/workspace/lpc_chip_175x_6x/Debug/liblpc_chip_175x_6x.a(ssp_17xx_40xx.o)
 .text.Chip_SSP_GetClkIndex
                0x0000000000001f48       0x2c /media/luca/LukStorage/LukStorage/Electronica/Codigos/repoTD2-TPS_v1/workspace/lpc_chip_175x_6x/Debug/liblpc_chip_175x_6x.a(ssp_17xx_40xx.o)
 .text.Chip_SSP_SetClockRate
                0x0000000000001f74       0x34 /media/luca/LukStorage/LukStorage/Electronica/Codigos/repoTD2-TPS_v1/workspace/lpc_chip_175x_6x/Debug/liblpc_chip_175x_6x.a(ssp_17xx_40xx.o)
                0x0000000000001f74                Chip_SSP_SetClockRate
 .text.Chip_SSP_RWFrames_Blocking
                0x0000000000001fa8      0x106 /media/luca/LukStorage/LukStorage/Electronica/Codigos/repoTD2-TPS_v1/workspace/lpc_chip_175x_6x/Debug/liblpc_chip_175x_6x.a(ssp_17xx_40xx.o)
                0x0000000000001fa8                Chip_SSP_RWFrames_Blocking
 .text.Chip_SSP_WriteFrames_Blocking
                0x00000000000020ae      0x134 /media/luca/LukStorage/LukStorage/Electronica/Codigos/repoTD2-TPS_v1/workspace/lpc_chip_175x_6x/Debug/liblpc_chip_175x_6x.a(ssp_17xx_40xx.o)
                0x00000000000020ae                Chip_SSP_WriteFrames_Blocking
 .text.Chip_SSP_SetBitRate
                0x00000000000021e2       0x74 /media/luca/LukStorage/LukStorage/Electronica/Codigos/repoTD2-TPS_v1/workspace/lpc_chip_175x_6x/Debug/liblpc_chip_175x_6x.a(ssp_17xx_40xx.o)
                0x00000000000021e2                Chip_SSP_SetBitRate
 *fill*         0x0000000000002256        0x2 ff
 .text.Chip_SSP_Init
                0x0000000000002258       0x40 /media/luca/LukStorage/LukStorage/Electronica/Codigos/repoTD2-TPS_v1/workspace/lpc_chip_175x_6x/Debug/liblpc_chip_175x_6x.a(ssp_17xx_40xx.o)
                0x0000000000002258                Chip_SSP_Init
 .text.Chip_Clock_IsMainPLLEnabled
                0x0000000000002298       0x24 /media/luca/LukStorage/LukStorage/Electronica/Codigos/repoTD2-TPS_v1/workspace/lpc_chip_175x_6x/Debug/liblpc_chip_175x_6x.a(sysinit_17xx_40xx.o)
 .text.Chip_Clock_IsMainPLLLocked
                0x00000000000022bc       0x24 /media/luca/LukStorage/LukStorage/Electronica/Codigos/repoTD2-TPS_v1/workspace/lpc_chip_175x_6x/Debug/liblpc_chip_175x_6x.a(sysinit_17xx_40xx.o)
 .text.Chip_Clock_IsMainPLLConnected
                0x00000000000022e0       0x24 /media/luca/LukStorage/LukStorage/Electronica/Codigos/repoTD2-TPS_v1/workspace/lpc_chip_175x_6x/Debug/liblpc_chip_175x_6x.a(sysinit_17xx_40xx.o)
 .text.Chip_Clock_SetMainPLLSource
                0x0000000000002304       0x20 /media/luca/LukStorage/LukStorage/Electronica/Codigos/repoTD2-TPS_v1/workspace/lpc_chip_175x_6x/Debug/liblpc_chip_175x_6x.a(sysinit_17xx_40xx.o)
 .text.Chip_SetupIrcClocking
                0x0000000000002324       0x6a /media/luca/LukStorage/LukStorage/Electronica/Codigos/repoTD2-TPS_v1/workspace/lpc_chip_175x_6x/Debug/liblpc_chip_175x_6x.a(sysinit_17xx_40xx.o)
                0x0000000000002324                Chip_SetupIrcClocking
 .text.Chip_SystemInit
                0x000000000000238e        0xc /media/luca/LukStorage/LukStorage/Electronica/Codigos/repoTD2-TPS_v1/workspace/lpc_chip_175x_6x/Debug/liblpc_chip_175x_6x.a(sysinit_17xx_40xx.o)
                0x000000000000238e                Chip_SystemInit
 .text.__weak_main
                0x000000000000239a        0x4 /usr/local/mcuxpressoide-11.4.1_6260/ide/plugins/com.nxp.mcuxpresso.tools.linux_11.4.0.202103011116/tools/bin/../lib/gcc/arm-none-eabi/10.2.1/../../../../arm-none-eabi/lib/thumb/v7-m/nofp/libcr_c.a(__weak__main.o)
                0x000000000000239a                __main
                0x000000000000239a                __weak_main
 .text.strlen   0x000000000000239e       0x48 /usr/local/mcuxpressoide-11.4.1_6260/ide/plugins/com.nxp.mcuxpresso.tools.linux_11.4.0.202103011116/tools/bin/../lib/gcc/arm-none-eabi/10.2.1/../../../../arm-none-eabi/lib/thumb/v7-m/nofp/libcr_c.a(strlen.o)
                0x000000000000239e                strlen
 *(.rodata .rodata.* .constdata .constdata.*)
 *fill*         0x00000000000023e6        0x2 ff
 .rodata.fontdata
                0x00000000000023e8    0x12c00 ./src/ILI9341/lcd_font8x8.o
                0x00000000000023e8                fontdata
 .rodata.SysTick_Handler.str1.4
                0x0000000000014fe8       0x27 ./src/ProyetoTD1_v1.o
 *fill*         0x000000000001500f        0x1 ff
 .rodata.OscRateIn
                0x0000000000015010        0x4 ./src/sysinit.o
                0x0000000000015010                OscRateIn
 .rodata.RTCOscRateIn
                0x0000000000015014        0x4 ./src/sysinit.o
                0x0000000000015014                RTCOscRateIn
 .rodata.I2C_PeriphClk
                0x0000000000015018        0x3 /media/luca/LukStorage/LukStorage/Electronica/Codigos/repoTD2-TPS_v1/workspace/lpc_chip_175x_6x/Debug/liblpc_chip_175x_6x.a(i2c_17xx_40xx.o)
                0x000000000001501c                . = ALIGN (0x4)
 *fill*         0x000000000001501b        0x1 ff

.glue_7         0x000000000001501c        0x0
 .glue_7        0x000000000001501c        0x0 linker stubs

.glue_7t        0x000000000001501c        0x0
 .glue_7t       0x000000000001501c        0x0 linker stubs

.vfp11_veneer   0x000000000001501c        0x0
 .vfp11_veneer  0x000000000001501c        0x0 linker stubs

.v4_bx          0x000000000001501c        0x0
 .v4_bx         0x000000000001501c        0x0 linker stubs

.iplt           0x000000000001501c        0x0
 .iplt          0x000000000001501c        0x0 ./src/ILI9341/lcd.o

.rel.dyn        0x000000000001501c        0x0
 .rel.iplt      0x000000000001501c        0x0 ./src/ILI9341/lcd.o

.ARM.extab
 *(.ARM.extab* .gnu.linkonce.armextab.*)

.ARM.exidx      0x000000000001501c        0x0
                0x000000000001501c                __exidx_start = .
 *(.ARM.exidx* .gnu.linkonce.armexidx.*)
                0x000000000001501c                __exidx_end = .
                0x000000000001501c                _etext = .

.data_RAM2      0x000000002007c000        0x0 load address 0x000000000001501c
 FILL mask 0xff
                [!provide]                        PROVIDE (__start_data_RAM2 = .)
                [!provide]                        PROVIDE (__start_data_RamAHB32 = .)
 *(.ramfunc.$RAM2)
 *(.ramfunc.$RamAHB32)
 *(.data.$RAM2)
 *(.data.$RamAHB32)
 *(.data.$RAM2.*)
 *(.data.$RamAHB32.*)
                0x000000002007c000                . = ALIGN (0x4)
                [!provide]                        PROVIDE (__end_data_RAM2 = .)
                [!provide]                        PROVIDE (__end_data_RamAHB32 = .)

.uninit_RESERVED
                0x0000000010000000        0x0
                0x0000000010000000                _start_uninit_RESERVED = .
 *(.bss.$RESERVED*)
                0x0000000010000000                . = ALIGN (0x4)
                0x0000000010000000                _end_uninit_RESERVED = .

.data           0x0000000010000000       0x5c load address 0x000000000001501c
 FILL mask 0xff
                0x0000000010000000                _data = .
                [!provide]                        PROVIDE (__start_data_RAM = .)
                [!provide]                        PROVIDE (__start_data_RamLoc32 = .)
 *(vtable)
 *(.ramfunc*)
 *(CodeQuickAccess)
 *(DataQuickAccess)
 *(RamFunction)
 *(.data*)
 .data.SW_switch_pressed_G
                0x0000000010000000        0x4 ./src/ProyetoTD1_v1.o
                0x0000000010000000                SW_switch_pressed_G
 .data.measureTempCounter.6
                0x0000000010000004        0x2 ./src/ProyetoTD1_v1.o
 .data.refreshDisplayCounter.5
                0x0000000010000006        0x2 ./src/ProyetoTD1_v1.o
 .data.i2c      0x0000000010000008       0x54 /media/luca/LukStorage/LukStorage/Electronica/Codigos/repoTD2-TPS_v1/workspace/lpc_chip_175x_6x/Debug/liblpc_chip_175x_6x.a(i2c_17xx_40xx.o)
                0x000000001000005c                . = ALIGN (0x4)
                0x000000001000005c                _edata = .
                [!provide]                        PROVIDE (__end_data_RAM = .)
                [!provide]                        PROVIDE (__end_data_RamLoc32 = .)

.igot.plt       0x000000001000005c        0x0 load address 0x0000000000015078
 .igot.plt      0x000000001000005c        0x0 ./src/ILI9341/lcd.o

.bss_RAM2       0x000000002007c000        0x0
                [!provide]                        PROVIDE (__start_bss_RAM2 = .)
                [!provide]                        PROVIDE (__start_bss_RamAHB32 = .)
 *(.bss.$RAM2)
 *(.bss.$RamAHB32)
 *(.bss.$RAM2.*)
 *(.bss.$RamAHB32.*)
                0x000000002007c000                . = ALIGN ((. != 0x0)?0x4:0x1)
                [!provide]                        PROVIDE (__end_bss_RAM2 = .)
                [!provide]                        PROVIDE (__end_bss_RamAHB32 = .)

.bss            0x000000001000005c       0x24
                0x000000001000005c                _bss = .
                [!provide]                        PROVIDE (__start_bss_RAM = .)
                [!provide]                        PROVIDE (__start_bss_RamLoc32 = .)
 *(.bss*)
 .bss.width     0x000000001000005c        0x2 ./src/ILI9341/lcd.o
                0x000000001000005c                width
 .bss.height    0x000000001000005e        0x2 ./src/ILI9341/lcd.o
                0x000000001000005e                height
 .bss.orientation
                0x0000000010000060        0x2 ./src/ILI9341/lcd.o
                0x0000000010000060                orientation
 *fill*         0x0000000010000062        0x2 
 .bss.ms_ticks  0x0000000010000064        0x4 ./src/ProyetoTD1_v1.o
                0x0000000010000064                ms_ticks
 .bss.switch_input.9
                0x0000000010000068        0x1 ./src/ProyetoTD1_v1.o
 .bss.lastState.8
                0x0000000010000069        0x1 ./src/ProyetoTD1_v1.o
 *fill*         0x000000001000006a        0x2 
 .bss.counter.7
                0x000000001000006c        0x4 ./src/ProyetoTD1_v1.o
 .bss.SW_switch_pressed_G_ant.4
                0x0000000010000070        0x1 ./src/ProyetoTD1_v1.o
 *fill*         0x0000000010000071        0x3 
 .bss.et.3      0x0000000010000074        0x4 ./src/ProyetoTD1_v1.o
 .bss.i.0       0x0000000010000078        0x4 ./src/ProyetoTD1_v1.o
 .bss.SystemCoreClock
                0x000000001000007c        0x4 /media/luca/LukStorage/LukStorage/Electronica/Codigos/repoTD2-TPS_v1/workspace/lpc_chip_175x_6x/Debug/liblpc_chip_175x_6x.a(chip_17xx_40xx.o)
                0x000000001000007c                SystemCoreClock
 *(COMMON)
                0x0000000010000080                . = ALIGN (0x4)
                0x0000000010000080                _ebss = .
                [!provide]                        PROVIDE (__end_bss_RAM = .)
                [!provide]                        PROVIDE (__end_bss_RamLoc32 = .)
                [!provide]                        PROVIDE (end = .)

.noinit_RAM2    0x000000002007c000        0x0
                [!provide]                        PROVIDE (__start_noinit_RAM2 = .)
                [!provide]                        PROVIDE (__start_noinit_RamAHB32 = .)
 *(.noinit.$RAM2)
 *(.noinit.$RamAHB32)
 *(.noinit.$RAM2.*)
 *(.noinit.$RamAHB32.*)
                0x000000002007c000                . = ALIGN (0x4)
                [!provide]                        PROVIDE (__end_noinit_RAM2 = .)
                [!provide]                        PROVIDE (__end_noinit_RamAHB32 = .)

.noinit         0x0000000010000080        0x0
                0x0000000010000080                _noinit = .
                [!provide]                        PROVIDE (__start_noinit_RAM = .)
                [!provide]                        PROVIDE (__start_noinit_RamLoc32 = .)
 *(.noinit*)
                0x0000000010000080                . = ALIGN (0x4)
                0x0000000010000080                _end_noinit = .
                [!provide]                        PROVIDE (__end_noinit_RAM = .)
                [!provide]                        PROVIDE (__end_noinit_RamLoc32 = .)
                [!provide]                        PROVIDE (_pvHeapStart = DEFINED (__user_heap_base)?__user_heap_base:.)
                0x0000000010008000                PROVIDE (_vStackTop = DEFINED (__user_stack_top)?__user_stack_top:(__top_RamLoc32 - 0x0))
                0xffffffffefff74c6                PROVIDE (__valid_user_code_checksum = (0x0 - ((((((_vStackTop + (ResetISR + 0x1)) + (NMI_Handler + 0x1)) + (HardFault_Handler + 0x1)) + (DEFINED (MemManage_Handler)?MemManage_Handler:0x0 + 0x1)) + (DEFINED (BusFault_Handler)?BusFault_Handler:0x0 + 0x1)) + (DEFINED (UsageFault_Handler)?UsageFault_Handler:0x0 + 0x1))))
                0x0000000000000000                _image_start = LOADADDR (.text)
                0x0000000000015078                _image_end = (LOADADDR (.data) + SIZEOF (.data))
                0x0000000000015078                _image_size = (_image_end - _image_start)
OUTPUT(ProyetoTD1_v1.axf elf32-littlearm)
LOAD linker stubs

.debug_info     0x0000000000000000     0x5715
 .debug_info    0x0000000000000000      0x98b ./src/ILI9341/lcd.o
 .debug_info    0x000000000000098b       0xbf ./src/ILI9341/lcd_font8x8.o
 .debug_info    0x0000000000000a4a      0x758 ./src/ILI9341/lcd_mi0283qt9.o
 .debug_info    0x00000000000011a2      0xe46 ./src/ProyetoTD1_v1.o
 .debug_info    0x0000000000001fe8      0x282 ./src/cr_startup_lpc175x_6x.o
 .debug_info    0x000000000000226a      0x1ad ./src/sysinit.o
 .debug_info    0x0000000000002417      0x51e /media/luca/LukStorage/LukStorage/Electronica/Codigos/repoTD2-TPS_v1/workspace/lpc_chip_175x_6x/Debug/liblpc_chip_175x_6x.a(chip_17xx_40xx.o)
 .debug_info    0x0000000000002935      0xbc8 /media/luca/LukStorage/LukStorage/Electronica/Codigos/repoTD2-TPS_v1/workspace/lpc_chip_175x_6x/Debug/liblpc_chip_175x_6x.a(clock_17xx_40xx.o)
 .debug_info    0x00000000000034fd      0xee0 /media/luca/LukStorage/LukStorage/Electronica/Codigos/repoTD2-TPS_v1/workspace/lpc_chip_175x_6x/Debug/liblpc_chip_175x_6x.a(i2c_17xx_40xx.o)
 .debug_info    0x00000000000043dd      0x2c8 /media/luca/LukStorage/LukStorage/Electronica/Codigos/repoTD2-TPS_v1/workspace/lpc_chip_175x_6x/Debug/liblpc_chip_175x_6x.a(iocon_17xx_40xx.o)
 .debug_info    0x00000000000046a5      0xc3f /media/luca/LukStorage/LukStorage/Electronica/Codigos/repoTD2-TPS_v1/workspace/lpc_chip_175x_6x/Debug/liblpc_chip_175x_6x.a(ssp_17xx_40xx.o)
 .debug_info    0x00000000000052e4      0x431 /media/luca/LukStorage/LukStorage/Electronica/Codigos/repoTD2-TPS_v1/workspace/lpc_chip_175x_6x/Debug/liblpc_chip_175x_6x.a(sysinit_17xx_40xx.o)

.debug_abbrev   0x0000000000000000     0x1653
 .debug_abbrev  0x0000000000000000      0x1c8 ./src/ILI9341/lcd.o
 .debug_abbrev  0x00000000000001c8       0x7a ./src/ILI9341/lcd_font8x8.o
 .debug_abbrev  0x0000000000000242      0x24d ./src/ILI9341/lcd_mi0283qt9.o
 .debug_abbrev  0x000000000000048f      0x370 ./src/ProyetoTD1_v1.o
 .debug_abbrev  0x00000000000007ff      0x135 ./src/cr_startup_lpc175x_6x.o
 .debug_abbrev  0x0000000000000934       0xbc ./src/sysinit.o
 .debug_abbrev  0x00000000000009f0      0x145 /media/luca/LukStorage/LukStorage/Electronica/Codigos/repoTD2-TPS_v1/workspace/lpc_chip_175x_6x/Debug/liblpc_chip_175x_6x.a(chip_17xx_40xx.o)
 .debug_abbrev  0x0000000000000b35      0x325 /media/luca/LukStorage/LukStorage/Electronica/Codigos/repoTD2-TPS_v1/workspace/lpc_chip_175x_6x/Debug/liblpc_chip_175x_6x.a(clock_17xx_40xx.o)
 .debug_abbrev  0x0000000000000e5a      0x2e6 /media/luca/LukStorage/LukStorage/Electronica/Codigos/repoTD2-TPS_v1/workspace/lpc_chip_175x_6x/Debug/liblpc_chip_175x_6x.a(i2c_17xx_40xx.o)
 .debug_abbrev  0x0000000000001140      0x132 /media/luca/LukStorage/LukStorage/Electronica/Codigos/repoTD2-TPS_v1/workspace/lpc_chip_175x_6x/Debug/liblpc_chip_175x_6x.a(iocon_17xx_40xx.o)
 .debug_abbrev  0x0000000000001272      0x26c /media/luca/LukStorage/LukStorage/Electronica/Codigos/repoTD2-TPS_v1/workspace/lpc_chip_175x_6x/Debug/liblpc_chip_175x_6x.a(ssp_17xx_40xx.o)
 .debug_abbrev  0x00000000000014de      0x175 /media/luca/LukStorage/LukStorage/Electronica/Codigos/repoTD2-TPS_v1/workspace/lpc_chip_175x_6x/Debug/liblpc_chip_175x_6x.a(sysinit_17xx_40xx.o)

.debug_aranges  0x0000000000000000      0x6b8
 .debug_aranges
                0x0000000000000000       0xb0 ./src/ILI9341/lcd.o
 .debug_aranges
                0x00000000000000b0       0x18 ./src/ILI9341/lcd_font8x8.o
 .debug_aranges
                0x00000000000000c8       0xc8 ./src/ILI9341/lcd_mi0283qt9.o
 .debug_aranges
                0x0000000000000190       0xa0 ./src/ProyetoTD1_v1.o
 .debug_aranges
                0x0000000000000230       0x80 ./src/cr_startup_lpc175x_6x.o
 .debug_aranges
                0x00000000000002b0       0x20 ./src/sysinit.o
 .debug_aranges
                0x00000000000002d0       0x38 /media/luca/LukStorage/LukStorage/Electronica/Codigos/repoTD2-TPS_v1/workspace/lpc_chip_175x_6x/Debug/liblpc_chip_175x_6x.a(chip_17xx_40xx.o)
 .debug_aranges
                0x0000000000000308      0x120 /media/luca/LukStorage/LukStorage/Electronica/Codigos/repoTD2-TPS_v1/workspace/lpc_chip_175x_6x/Debug/liblpc_chip_175x_6x.a(clock_17xx_40xx.o)
 .debug_aranges
                0x0000000000000428      0x118 /media/luca/LukStorage/LukStorage/Electronica/Codigos/repoTD2-TPS_v1/workspace/lpc_chip_175x_6x/Debug/liblpc_chip_175x_6x.a(i2c_17xx_40xx.o)
 .debug_aranges
                0x0000000000000540       0x30 /media/luca/LukStorage/LukStorage/Electronica/Codigos/repoTD2-TPS_v1/workspace/lpc_chip_175x_6x/Debug/liblpc_chip_175x_6x.a(iocon_17xx_40xx.o)
 .debug_aranges
                0x0000000000000570       0xe8 /media/luca/LukStorage/LukStorage/Electronica/Codigos/repoTD2-TPS_v1/workspace/lpc_chip_175x_6x/Debug/liblpc_chip_175x_6x.a(ssp_17xx_40xx.o)
 .debug_aranges
                0x0000000000000658       0x60 /media/luca/LukStorage/LukStorage/Electronica/Codigos/repoTD2-TPS_v1/workspace/lpc_chip_175x_6x/Debug/liblpc_chip_175x_6x.a(sysinit_17xx_40xx.o)

.debug_ranges   0x0000000000000000      0x5f0
 .debug_ranges  0x0000000000000000       0xa0 ./src/ILI9341/lcd.o
 .debug_ranges  0x00000000000000a0       0xb8 ./src/ILI9341/lcd_mi0283qt9.o
 .debug_ranges  0x0000000000000158       0x90 ./src/ProyetoTD1_v1.o
 .debug_ranges  0x00000000000001e8       0x70 ./src/cr_startup_lpc175x_6x.o
 .debug_ranges  0x0000000000000258       0x10 ./src/sysinit.o
 .debug_ranges  0x0000000000000268       0x28 /media/luca/LukStorage/LukStorage/Electronica/Codigos/repoTD2-TPS_v1/workspace/lpc_chip_175x_6x/Debug/liblpc_chip_175x_6x.a(chip_17xx_40xx.o)
 .debug_ranges  0x0000000000000290      0x110 /media/luca/LukStorage/LukStorage/Electronica/Codigos/repoTD2-TPS_v1/workspace/lpc_chip_175x_6x/Debug/liblpc_chip_175x_6x.a(clock_17xx_40xx.o)
 .debug_ranges  0x00000000000003a0      0x108 /media/luca/LukStorage/LukStorage/Electronica/Codigos/repoTD2-TPS_v1/workspace/lpc_chip_175x_6x/Debug/liblpc_chip_175x_6x.a(i2c_17xx_40xx.o)
 .debug_ranges  0x00000000000004a8       0x20 /media/luca/LukStorage/LukStorage/Electronica/Codigos/repoTD2-TPS_v1/workspace/lpc_chip_175x_6x/Debug/liblpc_chip_175x_6x.a(iocon_17xx_40xx.o)
 .debug_ranges  0x00000000000004c8       0xd8 /media/luca/LukStorage/LukStorage/Electronica/Codigos/repoTD2-TPS_v1/workspace/lpc_chip_175x_6x/Debug/liblpc_chip_175x_6x.a(ssp_17xx_40xx.o)
 .debug_ranges  0x00000000000005a0       0x50 /media/luca/LukStorage/LukStorage/Electronica/Codigos/repoTD2-TPS_v1/workspace/lpc_chip_175x_6x/Debug/liblpc_chip_175x_6x.a(sysinit_17xx_40xx.o)

.debug_macro    0x0000000000000000     0x2102
 .debug_macro   0x0000000000000000       0x74 ./src/ILI9341/lcd.o
 .debug_macro   0x0000000000000074       0x46 ./src/ILI9341/lcd.o
 .debug_macro   0x00000000000000ba       0x46 ./src/ILI9341/lcd.o
 .debug_macro   0x0000000000000100      0x2c7 ./src/ILI9341/lcd.o
 .debug_macro   0x00000000000003c7       0x1c ./src/ILI9341/lcd.o
 .debug_macro   0x00000000000003e3       0x45 ./src/ILI9341/lcd_font8x8.o
 .debug_macro   0x0000000000000428      0x242 ./src/ILI9341/lcd_mi0283qt9.o
 .debug_macro   0x000000000000066a      0x23a ./src/ProyetoTD1_v1.o
 .debug_macro   0x00000000000008a4       0x82 ./src/ProyetoTD1_v1.o
 .debug_macro   0x0000000000000926       0x9a ./src/ProyetoTD1_v1.o
 .debug_macro   0x00000000000009c0       0x1d ./src/cr_startup_lpc175x_6x.o
 .debug_macro   0x00000000000009dd      0x1cd ./src/sysinit.o
 .debug_macro   0x0000000000000baa      0x1cd /media/luca/LukStorage/LukStorage/Electronica/Codigos/repoTD2-TPS_v1/workspace/lpc_chip_175x_6x/Debug/liblpc_chip_175x_6x.a(chip_17xx_40xx.o)
 .debug_macro   0x0000000000000d77      0xa78 /media/luca/LukStorage/LukStorage/Electronica/Codigos/repoTD2-TPS_v1/workspace/lpc_chip_175x_6x/Debug/liblpc_chip_175x_6x.a(chip_17xx_40xx.o)
 .debug_macro   0x00000000000017ef      0x1cd /media/luca/LukStorage/LukStorage/Electronica/Codigos/repoTD2-TPS_v1/workspace/lpc_chip_175x_6x/Debug/liblpc_chip_175x_6x.a(clock_17xx_40xx.o)
 .debug_macro   0x00000000000019bc      0x1df /media/luca/LukStorage/LukStorage/Electronica/Codigos/repoTD2-TPS_v1/workspace/lpc_chip_175x_6x/Debug/liblpc_chip_175x_6x.a(i2c_17xx_40xx.o)
 .debug_macro   0x0000000000001b9b      0x1cd /media/luca/LukStorage/LukStorage/Electronica/Codigos/repoTD2-TPS_v1/workspace/lpc_chip_175x_6x/Debug/liblpc_chip_175x_6x.a(iocon_17xx_40xx.o)
 .debug_macro   0x0000000000001d68      0x1cd /media/luca/LukStorage/LukStorage/Electronica/Codigos/repoTD2-TPS_v1/workspace/lpc_chip_175x_6x/Debug/liblpc_chip_175x_6x.a(ssp_17xx_40xx.o)
 .debug_macro   0x0000000000001f35      0x1cd /media/luca/LukStorage/LukStorage/Electronica/Codigos/repoTD2-TPS_v1/workspace/lpc_chip_175x_6x/Debug/liblpc_chip_175x_6x.a(sysinit_17xx_40xx.o)

.debug_line     0x0000000000000000     0x52a1
 .debug_line    0x0000000000000000      0x9d4 ./src/ILI9341/lcd.o
 .debug_line    0x00000000000009d4      0x186 ./src/ILI9341/lcd_font8x8.o
 .debug_line    0x0000000000000b5a      0x810 ./src/ILI9341/lcd_mi0283qt9.o
 .debug_line    0x000000000000136a      0x889 ./src/ProyetoTD1_v1.o
 .debug_line    0x0000000000001bf3      0x160 ./src/cr_startup_lpc175x_6x.o
 .debug_line    0x0000000000001d53      0x4a7 ./src/sysinit.o
 .debug_line    0x00000000000021fa      0x53b /media/luca/LukStorage/LukStorage/Electronica/Codigos/repoTD2-TPS_v1/workspace/lpc_chip_175x_6x/Debug/liblpc_chip_175x_6x.a(chip_17xx_40xx.o)
 .debug_line    0x0000000000002735      0x9a2 /media/luca/LukStorage/LukStorage/Electronica/Codigos/repoTD2-TPS_v1/workspace/lpc_chip_175x_6x/Debug/liblpc_chip_175x_6x.a(clock_17xx_40xx.o)
 .debug_line    0x00000000000030d7      0xb3d /media/luca/LukStorage/LukStorage/Electronica/Codigos/repoTD2-TPS_v1/workspace/lpc_chip_175x_6x/Debug/liblpc_chip_175x_6x.a(i2c_17xx_40xx.o)
 .debug_line    0x0000000000003c14      0x557 /media/luca/LukStorage/LukStorage/Electronica/Codigos/repoTD2-TPS_v1/workspace/lpc_chip_175x_6x/Debug/liblpc_chip_175x_6x.a(iocon_17xx_40xx.o)
 .debug_line    0x000000000000416b      0xb22 /media/luca/LukStorage/LukStorage/Electronica/Codigos/repoTD2-TPS_v1/workspace/lpc_chip_175x_6x/Debug/liblpc_chip_175x_6x.a(ssp_17xx_40xx.o)
 .debug_line    0x0000000000004c8d      0x614 /media/luca/LukStorage/LukStorage/Electronica/Codigos/repoTD2-TPS_v1/workspace/lpc_chip_175x_6x/Debug/liblpc_chip_175x_6x.a(sysinit_17xx_40xx.o)

.debug_str      0x0000000000000000    0x14a88
 .debug_str     0x0000000000000000     0x52c0 ./src/ILI9341/lcd.o
                                       0x537e (size before relaxing)
 .debug_str     0x00000000000052c0       0x1d ./src/ILI9341/lcd_font8x8.o
                                       0x443d (size before relaxing)
 .debug_str     0x00000000000052dd     0xcb98 ./src/ILI9341/lcd_mi0283qt9.o
                                      0x11d68 (size before relaxing)
 .debug_str     0x0000000000011e75     0x1276 ./src/ProyetoTD1_v1.o
                                      0x12352 (size before relaxing)
 .debug_str     0x00000000000130eb      0x1b2 ./src/cr_startup_lpc175x_6x.o
                                       0x2ee2 (size before relaxing)
 .debug_str     0x000000000001329d       0x28 ./src/sysinit.o
                                      0x10ebd (size before relaxing)
 .debug_str     0x00000000000132c5      0x297 /media/luca/LukStorage/LukStorage/Electronica/Codigos/repoTD2-TPS_v1/workspace/lpc_chip_175x_6x/Debug/liblpc_chip_175x_6x.a(chip_17xx_40xx.o)
                                      0x112b5 (size before relaxing)
 .debug_str     0x000000000001355c      0x857 /media/luca/LukStorage/LukStorage/Electronica/Codigos/repoTD2-TPS_v1/workspace/lpc_chip_175x_6x/Debug/liblpc_chip_175x_6x.a(clock_17xx_40xx.o)
                                      0x1193a (size before relaxing)
 .debug_str     0x0000000000013db3      0x59a /media/luca/LukStorage/LukStorage/Electronica/Codigos/repoTD2-TPS_v1/workspace/lpc_chip_175x_6x/Debug/liblpc_chip_175x_6x.a(i2c_17xx_40xx.o)
                                      0x11933 (size before relaxing)
 .debug_str     0x000000000001434d       0x9d /media/luca/LukStorage/LukStorage/Electronica/Codigos/repoTD2-TPS_v1/workspace/lpc_chip_175x_6x/Debug/liblpc_chip_175x_6x.a(iocon_17xx_40xx.o)
                                      0x10da0 (size before relaxing)
 .debug_str     0x00000000000143ea      0x5da /media/luca/LukStorage/LukStorage/Electronica/Codigos/repoTD2-TPS_v1/workspace/lpc_chip_175x_6x/Debug/liblpc_chip_175x_6x.a(ssp_17xx_40xx.o)
                                      0x11821 (size before relaxing)
 .debug_str     0x00000000000149c4       0xc4 /media/luca/LukStorage/LukStorage/Electronica/Codigos/repoTD2-TPS_v1/workspace/lpc_chip_175x_6x/Debug/liblpc_chip_175x_6x.a(sysinit_17xx_40xx.o)
                                      0x10f88 (size before relaxing)

.comment        0x0000000000000000       0x4d
 .comment       0x0000000000000000       0x4d ./src/ILI9341/lcd.o
                                         0x4e (size before relaxing)
 .comment       0x000000000000004d       0x4e ./src/ILI9341/lcd_font8x8.o
 .comment       0x000000000000004d       0x4e ./src/ILI9341/lcd_mi0283qt9.o
 .comment       0x000000000000004d       0x4e ./src/ProyetoTD1_v1.o
 .comment       0x000000000000004d       0x4e ./src/cr_startup_lpc175x_6x.o
 .comment       0x000000000000004d       0x4e ./src/sysinit.o
 .comment       0x000000000000004d       0x4e /media/luca/LukStorage/LukStorage/Electronica/Codigos/repoTD2-TPS_v1/workspace/lpc_chip_175x_6x/Debug/liblpc_chip_175x_6x.a(chip_17xx_40xx.o)
 .comment       0x000000000000004d       0x4e /media/luca/LukStorage/LukStorage/Electronica/Codigos/repoTD2-TPS_v1/workspace/lpc_chip_175x_6x/Debug/liblpc_chip_175x_6x.a(clock_17xx_40xx.o)
 .comment       0x000000000000004d       0x4e /media/luca/LukStorage/LukStorage/Electronica/Codigos/repoTD2-TPS_v1/workspace/lpc_chip_175x_6x/Debug/liblpc_chip_175x_6x.a(i2c_17xx_40xx.o)
 .comment       0x000000000000004d       0x4e /media/luca/LukStorage/LukStorage/Electronica/Codigos/repoTD2-TPS_v1/workspace/lpc_chip_175x_6x/Debug/liblpc_chip_175x_6x.a(iocon_17xx_40xx.o)
 .comment       0x000000000000004d       0x4e /media/luca/LukStorage/LukStorage/Electronica/Codigos/repoTD2-TPS_v1/workspace/lpc_chip_175x_6x/Debug/liblpc_chip_175x_6x.a(ssp_17xx_40xx.o)
 .comment       0x000000000000004d       0x4e /media/luca/LukStorage/LukStorage/Electronica/Codigos/repoTD2-TPS_v1/workspace/lpc_chip_175x_6x/Debug/liblpc_chip_175x_6x.a(sysinit_17xx_40xx.o)
 .comment       0x000000000000004d       0x4e /usr/local/mcuxpressoide-11.4.1_6260/ide/plugins/com.nxp.mcuxpresso.tools.linux_11.4.0.202103011116/tools/bin/../lib/gcc/arm-none-eabi/10.2.1/../../../../arm-none-eabi/lib/thumb/v7-m/nofp/libcr_c.a(__weak__main.o)
 .comment       0x000000000000004d       0x4e /usr/local/mcuxpressoide-11.4.1_6260/ide/plugins/com.nxp.mcuxpresso.tools.linux_11.4.0.202103011116/tools/bin/../lib/gcc/arm-none-eabi/10.2.1/../../../../arm-none-eabi/lib/thumb/v7-m/nofp/libcr_c.a(strlen.o)

.ARM.attributes
                0x0000000000000000       0x2b
 .ARM.attributes
                0x0000000000000000       0x2d ./src/ILI9341/lcd.o
 .ARM.attributes
                0x000000000000002d       0x33 ./src/ILI9341/lcd_font8x8.o
 .ARM.attributes
                0x0000000000000060       0x2d ./src/ILI9341/lcd_mi0283qt9.o
 .ARM.attributes
                0x000000000000008d       0x2d ./src/ProyetoTD1_v1.o
 .ARM.attributes
                0x00000000000000ba       0x2d ./src/cr_startup_lpc175x_6x.o
 .ARM.attributes
                0x00000000000000e7       0x2d ./src/sysinit.o
 .ARM.attributes
                0x0000000000000114       0x2d /media/luca/LukStorage/LukStorage/Electronica/Codigos/repoTD2-TPS_v1/workspace/lpc_chip_175x_6x/Debug/liblpc_chip_175x_6x.a(chip_17xx_40xx.o)
 .ARM.attributes
                0x0000000000000141       0x2d /media/luca/LukStorage/LukStorage/Electronica/Codigos/repoTD2-TPS_v1/workspace/lpc_chip_175x_6x/Debug/liblpc_chip_175x_6x.a(clock_17xx_40xx.o)
 .ARM.attributes
                0x000000000000016e       0x2d /media/luca/LukStorage/LukStorage/Electronica/Codigos/repoTD2-TPS_v1/workspace/lpc_chip_175x_6x/Debug/liblpc_chip_175x_6x.a(i2c_17xx_40xx.o)
 .ARM.attributes
                0x000000000000019b       0x2d /media/luca/LukStorage/LukStorage/Electronica/Codigos/repoTD2-TPS_v1/workspace/lpc_chip_175x_6x/Debug/liblpc_chip_175x_6x.a(iocon_17xx_40xx.o)
 .ARM.attributes
                0x00000000000001c8       0x2d /media/luca/LukStorage/LukStorage/Electronica/Codigos/repoTD2-TPS_v1/workspace/lpc_chip_175x_6x/Debug/liblpc_chip_175x_6x.a(ssp_17xx_40xx.o)
 .ARM.attributes
                0x00000000000001f5       0x2d /media/luca/LukStorage/LukStorage/Electronica/Codigos/repoTD2-TPS_v1/workspace/lpc_chip_175x_6x/Debug/liblpc_chip_175x_6x.a(sysinit_17xx_40xx.o)
 .ARM.attributes
                0x0000000000000222       0x2d /usr/local/mcuxpressoide-11.4.1_6260/ide/plugins/com.nxp.mcuxpresso.tools.linux_11.4.0.202103011116/tools/bin/../lib/gcc/arm-none-eabi/10.2.1/../../../../arm-none-eabi/lib/thumb/v7-m/nofp/libcr_c.a(__weak__main.o)
 .ARM.attributes
                0x000000000000024f       0x2d /usr/local/mcuxpressoide-11.4.1_6260/ide/plugins/com.nxp.mcuxpresso.tools.linux_11.4.0.202103011116/tools/bin/../lib/gcc/arm-none-eabi/10.2.1/../../../../arm-none-eabi/lib/thumb/v7-m/nofp/libcr_c.a(strlen.o)

.debug_frame    0x0000000000000000     0x1990
 .debug_frame   0x0000000000000000      0x2d8 ./src/ILI9341/lcd.o
 .debug_frame   0x00000000000002d8      0x32c ./src/ILI9341/lcd_mi0283qt9.o
 .debug_frame   0x0000000000000604      0x274 ./src/ProyetoTD1_v1.o
 .debug_frame   0x0000000000000878      0x170 ./src/cr_startup_lpc175x_6x.o
 .debug_frame   0x00000000000009e8       0x34 ./src/sysinit.o
 .debug_frame   0x0000000000000a1c       0x88 /media/luca/LukStorage/LukStorage/Electronica/Codigos/repoTD2-TPS_v1/workspace/lpc_chip_175x_6x/Debug/liblpc_chip_175x_6x.a(chip_17xx_40xx.o)
 .debug_frame   0x0000000000000aa4      0x490 /media/luca/LukStorage/LukStorage/Electronica/Codigos/repoTD2-TPS_v1/workspace/lpc_chip_175x_6x/Debug/liblpc_chip_175x_6x.a(clock_17xx_40xx.o)
 .debug_frame   0x0000000000000f34      0x4c8 /media/luca/LukStorage/LukStorage/Electronica/Codigos/repoTD2-TPS_v1/workspace/lpc_chip_175x_6x/Debug/liblpc_chip_175x_6x.a(i2c_17xx_40xx.o)
 .debug_frame   0x00000000000013fc       0x80 /media/luca/LukStorage/LukStorage/Electronica/Codigos/repoTD2-TPS_v1/workspace/lpc_chip_175x_6x/Debug/liblpc_chip_175x_6x.a(iocon_17xx_40xx.o)
 .debug_frame   0x000000000000147c      0x3e8 /media/luca/LukStorage/LukStorage/Electronica/Codigos/repoTD2-TPS_v1/workspace/lpc_chip_175x_6x/Debug/liblpc_chip_175x_6x.a(ssp_17xx_40xx.o)
 .debug_frame   0x0000000000001864      0x12c /media/luca/LukStorage/LukStorage/Electronica/Codigos/repoTD2-TPS_v1/workspace/lpc_chip_175x_6x/Debug/liblpc_chip_175x_6x.a(sysinit_17xx_40xx.o)
