../src/ILI9341/lcd.c:16:6:lcd_drawpixel	16	static
../src/ILI9341/lcd.c:37:16:lcd_drawtext	48	static
../src/ILI9341/lcd.c:65:16:lcd_drawchar	48	static
../src/ILI9341/lcd.c:167:6:lcd_fillellipse	64	static
../src/ILI9341/lcd.c:206:6:lcd_drawellipse	56	static
../src/ILI9341/lcd.c:241:6:lcd_fillcircle	40	static
../src/ILI9341/lcd.c:268:6:lcd_drawcircle	32	static
../src/ILI9341/lcd.c:300:6:lcd_fillrndrect	40	static
../src/ILI9341/lcd.c:347:6:lcd_drawrndrect	40	static
../src/ILI9341/lcd.c:396:6:lcd_fillrect	32	static
../src/ILI9341/lcd.c:435:6:lcd_drawrect	32	static
../src/ILI9341/lcd.c:446:6:lcd_drawline	48	static
../src/ILI9341/lcd.c:518:6:lcd_fillScreen	16	static
../src/ILI9341/lcd.c:543:6:lcd_clear	24	static
../src/ILI9341/lcd.c:572:16:lcd_getorientation	4	static
../src/ILI9341/lcd.c:578:6:lcd_setorientation	24	static
../src/ILI9341/lcd.c:613:16:lcd_getwidth	4	static
../src/ILI9341/lcd.c:619:16:lcd_getheight	4	static
../src/ILI9341/lcd.c:625:6:lcd_init	8	static
