/media/luca/LukStorage/LukStorage/Electronica/Codigos/repoTD2-TPS_v1/workspace/lpc_chip_175x_6x/inc/gpio_17xx_40xx.h:88:20:Chip_GPIO_SetPinState	16	static
/media/luca/LukStorage/LukStorage/Electronica/Codigos/repoTD2-TPS_v1/workspace/lpc_chip_175x_6x/inc/gpio_17xx_40xx.h:106:20:Chip_GPIO_WritePortBit	24	static
/media/luca/LukStorage/LukStorage/Electronica/Codigos/repoTD2-TPS_v1/workspace/lpc_chip_175x_6x/inc/gpio_17xx_40xx.h:144:20:Chip_GPIO_SetPinDIROutput	16	static
/media/luca/LukStorage/LukStorage/Electronica/Codigos/repoTD2-TPS_v1/workspace/lpc_chip_175x_6x/inc/gpio_17xx_40xx.h:408:20:Chip_GPIO_SetPinOutHigh	16	static
/media/luca/LukStorage/LukStorage/Electronica/Codigos/repoTD2-TPS_v1/workspace/lpc_chip_175x_6x/inc/gpio_17xx_40xx.h:450:20:Chip_GPIO_SetPinOutLow	16	static
/media/luca/LukStorage/LukStorage/Electronica/Codigos/repoTD2-TPS_v1/workspace/lpc_chip_175x_6x/inc/ssp_17xx_40xx.h:239:20:Chip_SSP_Enable	16	static
../src/ILI9341/lcd_mi0283qt9.c:39:6:INIT_PINS	16	static
../src/ILI9341/lcd_mi0283qt9.c:77:6:lcd_draw	16	static
../src/ILI9341/lcd_mi0283qt9.c:83:6:lcd_drawstart	8	static
../src/ILI9341/lcd_mi0283qt9.c:93:6:lcd_setarea	24	static
../src/ILI9341/lcd_mi0283qt9.c:111:16:lcd_setbias	32	static
../src/ILI9341/lcd_mi0283qt9.c:163:6:lcd_invert	16	static
../src/ILI9341/lcd_mi0283qt9.c:182:6:lcd_power	16	static
../src/ILI9341/lcd_mi0283qt9.c:207:6:lcd_reset	16	static
../src/ILI9341/lcd_mi0283qt9.c:353:6:SendDatoSPI	40	static
../src/ILI9341/lcd_mi0283qt9.c:367:6:SendDatoSPI2	16	static
../src/ILI9341/lcd_mi0283qt9.c:378:6:SendDatoSPI16	40	static
../src/ILI9341/lcd_mi0283qt9.c:395:6:lcd_wrdata16	16	static
../src/ILI9341/lcd_mi0283qt9.c:410:6:lcd_wrdata8	16	static
../src/ILI9341/lcd_mi0283qt9.c:423:6:lcd_wrcmd8	16	static
../src/ILI9341/lcd_mi0283qt9.c:433:6:lcd_disable	8	static
../src/ILI9341/lcd_mi0283qt9.c:441:6:lcd_enable	8	static
